nohup: ignoring input
[pipeline 2026-09-28T18:10Z] A. Ingestão PNCP — janela 2026-09-03 → 2027-01-26
[pipeline 2026-09-28T18:10Z] Varredura modalidade 4 (BR, 2026-09-03 → 2026-09-10, pág. 1)…
[pipeline 2026-09-28T18:10Z] Varredura modalidade 4 (BR, 2026-09-10 → 2026-09-17, pág. 1)…
[pipeline 2026-09-28T18:10Z] Varredura modalidade 4 (BR, 2026-09-17 → 2026-09-24, pág. 1)…
[pipeline 2026-09-28T18:10Z] Varredura modalidade 4 (BR, 2026-09-24 → 2026-10-01, pág. 1)…
[pipeline 2026-09-28T18:10Z] Varredura modalidade 4 (BR, 2026-09-24 → 2026-10-01, pág. 2)…
[pipeline 2026-09-28T18:10Z] Varredura modalidade 4 (BR, 2026-09-24 → 2026-10-01, pág. 3)…
[pipeline 2026-09-28T18:10Z] Varredura modalidade 4 (BR, 2026-09-24 → 2026-10-01, pág. 4)…
[pipeline 2026-09-28T18:10Z] Varredura modalidade 4 (BR, 2026-09-24 → 2026-10-01, pág. 5)…
[pipeline 2026-09-28T18:10Z] Varredura modalidade 4 (BR, 2026-09-24 → 2026-10-01, pág. 6)…
[pipeline 2026-09-28T18:10Z] Varredura modalidade 4 (BR, 2026-09-24 → 2026-10-01, pág. 7)…
[pipeline 2026-09-28T18:10Z] Varredura modalidade 4 (BR, 2026-09-24 → 2026-10-01, pág. 8)…
[pipeline 2026-09-28T18:10Z] Varredura modalidade 4 (BR, 2026-09-24 → 2026-10-01, pág. 9)…
[pipeline 2026-09-28T18:10Z] Varredura modalidade 4 (BR, 2026-09-24 → 2026-10-01, pág. 10)…
[pipeline 2026-09-28T18:10Z] Varredura modalidade 4 (BR, 2026-10-01 → 2026-10-08, pág. 1)…
[pipeline 2026-09-28T18:10Z] Varredura modalidade 4 (BR, 2026-10-01 → 2026-10-08, pág. 2)…
[pipeline 2026-09-28T18:10Z] Varredura modalidade 4 (BR, 2026-10-01 → 2026-10-08, pág. 3)…
[pipeline 2026-09-28T18:10Z] Varredura modalidade 4 (BR, 2026-10-01 → 2026-10-08, pág. 4)…
[pipeline 2026-09-28T18:10Z] Varredura modalidade 4 (BR, 2026-10-01 → 2026-10-08, pág. 5)…
[pipeline 2026-09-28T18:10Z] Varredura modalidade 4 (BR, 2026-10-01 → 2026-10-08, pág. 6)…
[pipeline 2026-09-28T18:10Z] Varredura modalidade 4 (BR, 2026-10-01 → 2026-10-08, pág. 7)…
[pipeline 2026-09-28T18:10Z] Varredura modalidade 4 (BR, 2026-10-01 → 2026-10-08, pág. 8)…
[pipeline 2026-09-28T18:10Z] Candidatos brutos capturados: 900
[pipeline 2026-09-28T18:10Z] B. Desduplicação: 712 únicos (-188 duplicados)
[pipeline 2026-09-28T18:10Z] Falsos positivos descartados: 711 | Aprovados no funil: 1
[pipeline 2026-09-28T18:10Z] C. Enriquecendo edital 1/1 (04279238000159-1-000224/2026)…
[pipeline 2026-09-28T18:10Z] Snapshot escrito: /workspace/pncp-web/public/data/snapshot.json (4 KB, 1 editais)
